12/05/2026 12:54:21 PM [INFO] generate_glide_in_file: Preparing Glide docking input in /mnt/sod/Veincent/manuscript/ScrambleBench/example/run_multiple_targets_multiple_parameters/output/input_GPCR_5HT2C/num_sample_50/cheminformatics_analysis/Glide/DiffSBDD/minimised/native_glide_scoring_unminimised.in
12/05/2026 12:54:21 PM [INFO] run_docking: Glide docking using /mnt/sod/Veincent/manuscript/ScrambleBench/example/run_multiple_targets_multiple_parameters/output/input_GPCR_5HT2C/num_sample_50/cheminformatics_analysis/Glide/DiffSBDD/minimised/native_glide_scoring_unminimised.in
12/05/2026 12:54:21 PM [INFO] run_docking: Running cd /mnt/sod/Veincent/manuscript/ScrambleBench/example/run_multiple_targets_multiple_parameters/output/input_GPCR_5HT2C/num_sample_50/cheminformatics_analysis/Glide/DiffSBDD/minimised ; /opt/schrodinger2025-4/glide native_glide_scoring_unminimised.in -WAIT -OVERWRITE
12/05/2026 12:54:30 PM [INFO] generate_glide_in_file: Preparing Glide docking input in /mnt/sod/Veincent/manuscript/ScrambleBench/example/run_multiple_targets_multiple_parameters/output/input_GPCR_5HT2C/num_sample_50/cheminformatics_analysis/Glide/DiffSBDD/minimised/native_glide_scoring_minimised.in
12/05/2026 12:54:30 PM [INFO] run_docking: Glide docking using /mnt/sod/Veincent/manuscript/ScrambleBench/example/run_multiple_targets_multiple_parameters/output/input_GPCR_5HT2C/num_sample_50/cheminformatics_analysis/Glide/DiffSBDD/minimised/native_glide_scoring_minimised.in
12/05/2026 12:54:30 PM [INFO] run_docking: Running cd /mnt/sod/Veincent/manuscript/ScrambleBench/example/run_multiple_targets_multiple_parameters/output/input_GPCR_5HT2C/num_sample_50/cheminformatics_analysis/Glide/DiffSBDD/minimised ; /opt/schrodinger2025-4/glide native_glide_scoring_minimised.in -WAIT -OVERWRITE
12/05/2026 12:54:39 PM [INFO] <module>: Minimizing ligand... Using 20 CPU available
12/05/2026 12:54:39 PM [WARNING] minimize_ligand: MMFF minimization exception: 'NoneType' object has no attribute 'Initialize'
12/05/2026 12:54:55 PM [INFO] get_results_for_cel: Computing Validity2D
12/05/2026 12:54:55 PM [INFO] get_results_for_cel: Computing Uniqueness2D
12/05/2026 12:54:55 PM [INFO] get_results_for_cel: Computing Diversity2D
12/05/2026 12:54:56 PM [INFO] get_results_for_cel: Computing Ring proportion
12/05/2026 12:54:56 PM [INFO] get_results_for_cel: Computing MW
12/05/2026 12:54:56 PM [INFO] get_results_for_cel: Computing logP
12/05/2026 12:54:56 PM [INFO] get_results_for_cel: Computing SAScore
12/05/2026 12:54:56 PM [INFO] get_results_for_cel: Computing QED
12/05/2026 12:54:56 PM [INFO] get_results_for_cel: Computing Validity3D
12/05/2026 12:55:00 PM [INFO] get_results_for_cel: Computing Strain energy
12/05/2026 12:55:07 PM [INFO] get_results_for_cel: Compute valid CEL for further analysis
12/05/2026 12:55:07 PM [INFO] get_results_for_cel: Computing Uniqueness3D
12/05/2026 12:55:07 PM [INFO] get_results_for_cel: Computing Diversity3D
12/05/2026 12:55:08 PM [INFO] get_sb_results_for_cel: Evaluating Steric clash
12/05/2026 12:55:10 PM [INFO] get_sb_results_for_cel: Evaluating Distance to native centroid
12/05/2026 12:55:10 PM [INFO] get_sb_results_for_cel: Evaluating Vina score
12/05/2026 12:55:41 PM [INFO] get_sb_results_for_cel: Evaluating Minimized Vina score
12/05/2026 12:56:07 PM [INFO] get_sb_results_for_cel: Evaluating Glide score
12/05/2026 12:56:07 PM [INFO] generate_glide_in_file: Preparing Glide docking input in /mnt/sod/Veincent/manuscript/ScrambleBench/example/run_multiple_targets_multiple_parameters/output/input_GPCR_5HT2C/num_sample_50/cheminformatics_analysis/Glide/DiffSBDD/minimised/glide_scoring_unminimised.in
12/05/2026 12:56:07 PM [INFO] run_docking: Glide docking using /mnt/sod/Veincent/manuscript/ScrambleBench/example/run_multiple_targets_multiple_parameters/output/input_GPCR_5HT2C/num_sample_50/cheminformatics_analysis/Glide/DiffSBDD/minimised/glide_scoring_unminimised.in
12/05/2026 12:56:07 PM [INFO] run_docking: Running cd /mnt/sod/Veincent/manuscript/ScrambleBench/example/run_multiple_targets_multiple_parameters/output/input_GPCR_5HT2C/num_sample_50/cheminformatics_analysis/Glide/DiffSBDD/minimised ; /opt/schrodinger2025-4/glide glide_scoring_unminimised.in -WAIT -OVERWRITE
12/05/2026 12:56:18 PM [INFO] get_sb_results_for_cel: Evaluating Minimized Glide score
12/05/2026 12:56:18 PM [INFO] generate_glide_in_file: Preparing Glide docking input in /mnt/sod/Veincent/manuscript/ScrambleBench/example/run_multiple_targets_multiple_parameters/output/input_GPCR_5HT2C/num_sample_50/cheminformatics_analysis/Glide/DiffSBDD/minimised/glide_scoring_minimised.in
12/05/2026 12:56:18 PM [INFO] run_docking: Glide docking using /mnt/sod/Veincent/manuscript/ScrambleBench/example/run_multiple_targets_multiple_parameters/output/input_GPCR_5HT2C/num_sample_50/cheminformatics_analysis/Glide/DiffSBDD/minimised/glide_scoring_minimised.in
12/05/2026 12:56:18 PM [INFO] run_docking: Running cd /mnt/sod/Veincent/manuscript/ScrambleBench/example/run_multiple_targets_multiple_parameters/output/input_GPCR_5HT2C/num_sample_50/cheminformatics_analysis/Glide/DiffSBDD/minimised ; /opt/schrodinger2025-4/glide glide_scoring_minimised.in -WAIT -OVERWRITE
