12/05/2026 12:56:45 PM [INFO] generate_glide_in_file: Preparing Glide docking input in /mnt/sod/Veincent/manuscript/ScrambleBench/example/run_multiple_targets_multiple_parameters/output/input_GPCR_5HT2C/num_sample_50/cheminformatics_analysis/Glide/Pocket2Mol/unminimised/native_glide_scoring_unminimised.in
12/05/2026 12:56:45 PM [INFO] run_docking: Glide docking using /mnt/sod/Veincent/manuscript/ScrambleBench/example/run_multiple_targets_multiple_parameters/output/input_GPCR_5HT2C/num_sample_50/cheminformatics_analysis/Glide/Pocket2Mol/unminimised/native_glide_scoring_unminimised.in
12/05/2026 12:56:45 PM [INFO] run_docking: Running cd /mnt/sod/Veincent/manuscript/ScrambleBench/example/run_multiple_targets_multiple_parameters/output/input_GPCR_5HT2C/num_sample_50/cheminformatics_analysis/Glide/Pocket2Mol/unminimised ; /opt/schrodinger2025-4/glide native_glide_scoring_unminimised.in -WAIT -OVERWRITE
12/05/2026 12:56:54 PM [INFO] generate_glide_in_file: Preparing Glide docking input in /mnt/sod/Veincent/manuscript/ScrambleBench/example/run_multiple_targets_multiple_parameters/output/input_GPCR_5HT2C/num_sample_50/cheminformatics_analysis/Glide/Pocket2Mol/unminimised/native_glide_scoring_minimised.in
12/05/2026 12:56:54 PM [INFO] run_docking: Glide docking using /mnt/sod/Veincent/manuscript/ScrambleBench/example/run_multiple_targets_multiple_parameters/output/input_GPCR_5HT2C/num_sample_50/cheminformatics_analysis/Glide/Pocket2Mol/unminimised/native_glide_scoring_minimised.in
12/05/2026 12:56:54 PM [INFO] run_docking: Running cd /mnt/sod/Veincent/manuscript/ScrambleBench/example/run_multiple_targets_multiple_parameters/output/input_GPCR_5HT2C/num_sample_50/cheminformatics_analysis/Glide/Pocket2Mol/unminimised ; /opt/schrodinger2025-4/glide native_glide_scoring_minimised.in -WAIT -OVERWRITE
12/05/2026 12:57:03 PM [INFO] get_results_for_cel: Computing Validity2D
12/05/2026 12:57:03 PM [INFO] get_results_for_cel: Computing Uniqueness2D
12/05/2026 12:57:03 PM [INFO] get_results_for_cel: Computing Diversity2D
12/05/2026 12:57:03 PM [INFO] get_results_for_cel: Computing Ring proportion
12/05/2026 12:57:03 PM [INFO] get_results_for_cel: Computing MW
12/05/2026 12:57:03 PM [INFO] get_results_for_cel: Computing logP
12/05/2026 12:57:03 PM [INFO] get_results_for_cel: Computing SAScore
12/05/2026 12:57:03 PM [INFO] get_results_for_cel: Computing QED
12/05/2026 12:57:03 PM [INFO] get_results_for_cel: Computing Validity3D
12/05/2026 12:57:03 PM [INFO] get_results_for_cel: Computing Strain energy
12/05/2026 12:57:03 PM [INFO] get_results_for_cel: Compute valid CEL for further analysis
12/05/2026 12:57:03 PM [INFO] get_results_for_cel: Computing Uniqueness3D
12/05/2026 12:57:03 PM [INFO] get_results_for_cel: Computing Diversity3D
12/05/2026 12:57:05 PM [INFO] get_sb_results_for_cel: Evaluating Steric clash
12/05/2026 12:57:05 PM [INFO] get_sb_results_for_cel: Evaluating Distance to native centroid
12/05/2026 12:57:05 PM [INFO] get_sb_results_for_cel: Evaluating Vina score
12/05/2026 12:57:07 PM [INFO] get_sb_results_for_cel: Evaluating Minimized Vina score
12/05/2026 12:57:09 PM [INFO] get_sb_results_for_cel: Evaluating Glide score
12/05/2026 12:57:09 PM [INFO] generate_glide_in_file: Preparing Glide docking input in /mnt/sod/Veincent/manuscript/ScrambleBench/example/run_multiple_targets_multiple_parameters/output/input_GPCR_5HT2C/num_sample_50/cheminformatics_analysis/Glide/Pocket2Mol/unminimised/glide_scoring_unminimised.in
12/05/2026 12:57:09 PM [INFO] run_docking: Glide docking using /mnt/sod/Veincent/manuscript/ScrambleBench/example/run_multiple_targets_multiple_parameters/output/input_GPCR_5HT2C/num_sample_50/cheminformatics_analysis/Glide/Pocket2Mol/unminimised/glide_scoring_unminimised.in
12/05/2026 12:57:09 PM [INFO] run_docking: Running cd /mnt/sod/Veincent/manuscript/ScrambleBench/example/run_multiple_targets_multiple_parameters/output/input_GPCR_5HT2C/num_sample_50/cheminformatics_analysis/Glide/Pocket2Mol/unminimised ; /opt/schrodinger2025-4/glide glide_scoring_unminimised.in -WAIT -OVERWRITE
12/05/2026 12:57:18 PM [INFO] get_sb_results_for_cel: Evaluating Minimized Glide score
12/05/2026 12:57:18 PM [INFO] generate_glide_in_file: Preparing Glide docking input in /mnt/sod/Veincent/manuscript/ScrambleBench/example/run_multiple_targets_multiple_parameters/output/input_GPCR_5HT2C/num_sample_50/cheminformatics_analysis/Glide/Pocket2Mol/unminimised/glide_scoring_minimised.in
12/05/2026 12:57:18 PM [INFO] run_docking: Glide docking using /mnt/sod/Veincent/manuscript/ScrambleBench/example/run_multiple_targets_multiple_parameters/output/input_GPCR_5HT2C/num_sample_50/cheminformatics_analysis/Glide/Pocket2Mol/unminimised/glide_scoring_minimised.in
12/05/2026 12:57:18 PM [INFO] run_docking: Running cd /mnt/sod/Veincent/manuscript/ScrambleBench/example/run_multiple_targets_multiple_parameters/output/input_GPCR_5HT2C/num_sample_50/cheminformatics_analysis/Glide/Pocket2Mol/unminimised ; /opt/schrodinger2025-4/glide glide_scoring_minimised.in -WAIT -OVERWRITE
